#     M MATRIX: M_(k,i) [k=BS State; i=Spin Center]
#     8     4
              1         2         3         4
  1:   3.985191  3.197183  3.289869  3.245459
  2:   3.975503 -3.117186  3.252991 -3.166491
  3:   3.966463 -3.145618 -3.259109  3.185484
  4:   3.976368  3.173157 -3.255892 -3.218683
  5:  -3.966145  3.146781  3.279167  3.226420
  6:   3.975643 -3.116426  3.268897  3.238857
  7:   3.976649  3.173497 -3.237457  3.190039
  8:   3.985280  3.196977  3.272511 -3.159924

#     A MATRIX: (M_i*M_j)_(k,p) [k=BS State; p=Pair]
#     8     6
              1         2         3         4         5         6
  1:   3.139328  3.244822  3.184620  2.577600  2.529777  2.614788
  2:  -3.139328  3.244822 -3.184620 -2.577600  2.529777 -2.614788
  3:  -3.139328 -3.244822  3.184620  2.577600 -2.529777 -2.614788
  4:   3.139328 -3.244822 -3.184620 -2.577600 -2.529777  2.614788
  5:  -3.139328 -3.244822 -3.184620  2.577600  2.529777  2.614788
  6:  -3.139328  3.244822  3.184620 -2.577600 -2.529777  2.614788
  7:   3.139328 -3.244822  3.184620 -2.577600  2.529777 -2.614788
  8:   3.139328  3.244822 -3.184620  2.577600 -2.529777 -2.614788

#     U MATRIX: U_(k,p) [k=BS State; p=Pair]
#     8     6
              1         2         3         4         5         6
  1:   0.353553  0.353553 -0.353553  0.353553  0.353553  0.353553
  2:   0.353553 -0.353553  0.353553 -0.353553 -0.353553  0.353553
  3:  -0.353553  0.353553  0.353553 -0.353553  0.353553 -0.353553
  4:  -0.353553 -0.353553 -0.353553  0.353553 -0.353553 -0.353553
  5:  -0.353553 -0.353553  0.353553  0.353553  0.353553  0.353553
  6:   0.353553  0.353553  0.353553  0.353553 -0.353553 -0.353553
  7:  -0.353553  0.353553 -0.353553 -0.353553 -0.353553  0.353553
  8:   0.353553 -0.353553 -0.353553 -0.353553  0.353553 -0.353553

#    Vt MATRIX: Vt_(p1,p1) [p1,p2=Pair]
#     6     6
              1         2         3         4         5         6
  1:  -0.000000  1.000000  0.000000  0.000000  0.000000 -0.000000
  2:   0.000000 -0.000000  1.000000 -0.000000 -0.000000 -0.000000
  3:  -1.000000 -0.000000 -0.000000 -0.000000 -0.000000 -0.000000
  4:  -0.000000  0.000000  0.000000  0.000000  0.000000  1.000000
  5:   0.000000 -0.000000  0.000000  1.000000  0.000000 -0.000000
  6:  -0.000000 -0.000000  0.000000 -0.000000  1.000000 -0.000000

#    Sigma Diagonal Values:
#     6
  18.35549  18.01493  17.75872  14.79148  14.58111  14.31058

#    J coupling:
#     6
-3.8333520E-06
 2.0470728E-05
 3.6213286E-05
-6.4470398E-05
 1.5988450E-05
 4.3400930E-05

#  Inverse of Matrix A: (A^-1)_(k,p) [k=BS State; p=Pair]
#     8     6
              1         2         3         4         5         6
  1:   0.019909  0.019261  0.019626  0.024247  0.024706  0.023903
  2:  -0.019909  0.019261 -0.019626 -0.024247  0.024706 -0.023903
  3:  -0.019909 -0.019261  0.019626  0.024247 -0.024706 -0.023903
  4:   0.019909 -0.019261 -0.019626 -0.024247 -0.024706  0.023903
  5:  -0.019909 -0.019261 -0.019626  0.024247  0.024706  0.023903
  6:  -0.019909  0.019261  0.019626 -0.024247 -0.024706  0.023903
  7:   0.019909 -0.019261  0.019626 -0.024247  0.024706 -0.023903
  8:   0.019909  0.019261 -0.019626  0.024247 -0.024706 -0.023903

