# print A MATRIX 
              1         2         3         4         5         6
  1:   0.019909  0.019261  0.019626  0.024247  0.024706  0.023903
  2:  -0.019909  0.019261 -0.019626 -0.024247  0.024706 -0.023903
  3:  -0.019909 -0.019261  0.019626  0.024247 -0.024706 -0.023903
  4:   0.019909 -0.019261 -0.019626 -0.024247 -0.024706  0.023903
  5:  -0.019909 -0.019261 -0.019626  0.024247  0.024706  0.023903
  6:  -0.019909  0.019261  0.019626 -0.024247 -0.024706  0.023903
  7:   0.019909 -0.019261  0.019626 -0.024247  0.024706 -0.023903
  8:   0.019909  0.019261 -0.019626  0.024247 -0.024706 -0.023903

