#     M MATRIX: M_(k,i) [k=BS State; i=Spin Center]
#     8     4
              1         2         3         4
  1:   4.666043  4.754867  3.950384  3.999659
  2:   4.670706  4.747978 -3.982330  4.003164
  3:   4.670224  4.752556  3.954400 -4.027972
  4:   4.674681  4.746120 -3.978461 -4.024475
  5:   4.679268 -4.752113  3.963771  4.010951
  6:   4.683903 -4.758033 -3.969339  4.014520
  7:   4.683504 -4.753619  3.967726 -4.016624
  8:  -4.687820  4.760110  4.012996  3.965206

#     A MATRIX: (M_i*M_j)_(k,p) [k=BS State; p=Pair]
#     8     6
              1         2         3         4         5         6
  1:   5.557671  4.644777  4.686164  4.720408  4.762469  3.980193
  2:   5.557671 -4.644777  4.686164 -4.720408  4.762469 -3.980193
  3:   5.557671  4.644777 -4.686164  4.720408 -4.762469 -3.980193
  4:   5.557671 -4.644777 -4.686164 -4.720408 -4.762469  3.980193
  5:  -5.557671  4.644777  4.686164 -4.720408 -4.762469  3.980193
  6:  -5.557671 -4.644777  4.686164  4.720408 -4.762469 -3.980193
  7:  -5.557671  4.644777 -4.686164 -4.720408  4.762469 -3.980193
  8:  -5.557671 -4.644777 -4.686164  4.720408  4.762469  3.980193

#     U MATRIX: U_(k,p) [k=BS State; p=Pair]
#     8     6
              1         2         3         4         5         6
  1:  -0.353553  0.353553  0.353553  0.353553  0.353553 -0.353553
  2:  -0.353553  0.353553 -0.353553  0.353553 -0.353553  0.353553
  3:  -0.353553 -0.353553  0.353553 -0.353553  0.353553  0.353553
  4:  -0.353553 -0.353553 -0.353553 -0.353553 -0.353553 -0.353553
  5:   0.353553 -0.353553 -0.353553  0.353553  0.353553 -0.353553
  6:   0.353553 -0.353553  0.353553  0.353553 -0.353553  0.353553
  7:   0.353553  0.353553 -0.353553 -0.353553  0.353553  0.353553
  8:   0.353553  0.353553  0.353553 -0.353553 -0.353553 -0.353553

#    Vt MATRIX: Vt_(p1,p1) [p1,p2=Pair]
#     6     6
              1         2         3         4         5         6
  1:  -1.000000 -0.000000 -0.000000 -0.000000 -0.000000 -0.000000
  2:   0.000000  0.000000 -0.000000  0.000000  1.000000 -0.000000
  3:   0.000000  0.000000 -0.000000  1.000000 -0.000000  0.000000
  4:   0.000000  0.000000  1.000000  0.000000  0.000000  0.000000
  5:   0.000000  1.000000 -0.000000 -0.000000 -0.000000 -0.000000
  6:   0.000000  0.000000  0.000000  0.000000  0.000000 -1.000000

#    Sigma Diagonal Values:
#     6
  31.43894  26.94059  26.70266  26.50895  26.27483  22.51537

#    J coupling:
#     6
-3.8701711E-05
-5.3869749E-05
-1.7731196E-05
-4.7160930E-05
-2.7595741E-05
-3.7283699E-05

#  Inverse of Matrix A: (A^-1)_(k,p) [k=BS State; p=Pair]
#     8     6
              1         2         3         4         5         6
  1:   0.011246  0.013456  0.013337  0.013240  0.013123  0.015703
  2:   0.011246 -0.013456  0.013337 -0.013240  0.013123 -0.015703
  3:   0.011246  0.013456 -0.013337  0.013240 -0.013123 -0.015703
  4:   0.011246 -0.013456 -0.013337 -0.013240 -0.013123  0.015703
  5:  -0.011246  0.013456  0.013337 -0.013240 -0.013123  0.015703
  6:  -0.011246 -0.013456  0.013337  0.013240 -0.013123 -0.015703
  7:  -0.011246  0.013456 -0.013337 -0.013240  0.013123 -0.015703
  8:  -0.011246 -0.013456 -0.013337  0.013240  0.013123  0.015703

