Calculating J and ∂J/∂E via SVD ...           Done!
Defining Basis-Set ...              Done!
Calculating Spin Hamiltoninan ...   Done!
Calculating Spin Ladder ...         Done!
Calculating the Spin^2 ...          Done!
Assigning Spin ...                  Done!
Calculating Force correction ...   J_coupling_gradient(i)           1   3.4694469519536142E-018
 J_coupling_gradient(i)           2   0.0000000000000000     
 J_coupling_gradient(i)           3   6.9388939039072284E-018
 J_coupling_gradient(i)           4   6.9388939039072284E-018
 J_coupling_gradient(i)           5   6.9388939039072284E-018
 J_coupling_gradient(i)           6  -2.4286128663675299E-017
 Done!
############## Code Ended ##############
