#     M MATRIX: M_(k,i) [k=BS State; i=Spin Center]
#     8     4
              1         2         3         4
  1:   4.664790  4.753298  3.998513  3.950478
  2:   4.669298  4.746648  4.001838 -3.982489
  3:   4.669383  4.751177 -4.028305  3.954385
  4:   4.673678  4.744975 -4.024992 -3.978735
  5:   4.678029 -4.751144  4.010733  3.963877
  6:   4.682548 -4.756870  4.014125 -3.969473
  7:   4.682674 -4.752430 -4.016024  3.967727
  8:  -4.686854  4.758655  4.012575  3.965476

#     A MATRIX: (M_i*M_j)_(k,p) [k=BS State; p=Pair]
#     8     6
              1         2         3         4         5         6
  1:   5.554860  4.691557  4.636840  4.767804  4.712198  3.979856
  2:   5.554860  4.691557 -4.636840  4.767804 -4.712198 -3.979856
  3:   5.554860 -4.691557  4.636840 -4.767804  4.712198 -3.979856
  4:   5.554860 -4.691557 -4.636840 -4.767804 -4.712198  3.979856
  5:  -5.554860  4.691557  4.636840 -4.767804 -4.712198  3.979856
  6:  -5.554860  4.691557 -4.636840 -4.767804  4.712198 -3.979856
  7:  -5.554860 -4.691557  4.636840  4.767804 -4.712198 -3.979856
  8:  -5.554860 -4.691557 -4.636840  4.767804  4.712198  3.979856

#     U MATRIX: U_(k,p) [k=BS State; p=Pair]
#     8     6
              1         2         3         4         5         6
  1:  -0.353553  0.353553  0.353553 -0.353553  0.353553  0.353553
  2:  -0.353553  0.353553 -0.353553 -0.353553 -0.353553 -0.353553
  3:  -0.353553 -0.353553  0.353553  0.353553  0.353553 -0.353553
  4:  -0.353553 -0.353553 -0.353553  0.353553 -0.353553  0.353553
  5:   0.353553 -0.353553 -0.353553 -0.353553  0.353553  0.353553
  6:   0.353553 -0.353553  0.353553 -0.353553 -0.353553 -0.353553
  7:   0.353553  0.353553 -0.353553  0.353553  0.353553 -0.353553
  8:   0.353553  0.353553  0.353553  0.353553 -0.353553  0.353553

#    Vt MATRIX: Vt_(p1,p1) [p1,p2=Pair]
#     6     6
              1         2         3         4         5         6
  1:  -1.000000 -0.000000 -0.000000 -0.000000 -0.000000 -0.000000
  2:   0.000000  0.000000  0.000000  1.000000 -0.000000 -0.000000
  3:  -0.000000 -0.000000 -0.000000 -0.000000  1.000000 -0.000000
  4:  -0.000000 -1.000000  0.000000  0.000000  0.000000  0.000000
  5:  -0.000000 -0.000000  1.000000 -0.000000  0.000000 -0.000000
  6:  -0.000000 -0.000000  0.000000 -0.000000  0.000000  1.000000

#    Sigma Diagonal Values:
#     6
  31.42303  26.97077  26.65621  26.53946  26.22993  22.51347

#    J coupling:
#     6
-3.8512273E-05
-1.7675924E-05
-5.4711745E-05
-3.1196845E-05
-4.7092655E-05
-3.4916059E-05

#  Inverse of Matrix A: (A^-1)_(k,p) [k=BS State; p=Pair]
#     8     6
              1         2         3         4         5         6
  1:   0.011251  0.013322  0.013479  0.013109  0.013263  0.015704
  2:   0.011251  0.013322 -0.013479  0.013109 -0.013263 -0.015704
  3:   0.011251 -0.013322  0.013479 -0.013109  0.013263 -0.015704
  4:   0.011251 -0.013322 -0.013479 -0.013109 -0.013263  0.015704
  5:  -0.011251  0.013322  0.013479 -0.013109 -0.013263  0.015704
  6:  -0.011251  0.013322 -0.013479 -0.013109  0.013263 -0.015704
  7:  -0.011251 -0.013322  0.013479  0.013109 -0.013263 -0.015704
  8:  -0.011251 -0.013322 -0.013479  0.013109  0.013263  0.015704

